// Jest Snapshot v1, https://goo.gl/fbAQLP

exports[`ComponentNavigaton renders correctly 1`] = `
<DocumentFragment>
  <div
    class="navigation"
  >
    <a
      class="navigation__logo"
      href="/"
    >
      <img
        alt="kevin."
        src="logo.svg"
      />
    </a>
    <div
      class="navigation__menu"
    >
      <a
        class="navigation__button"
        href="/photos"
      >
        <img
          alt="photos"
          src="photos.svg"
        />
      </a>
      <a
        class="navigation__button"
        href="/liked"
      >
        <img
          alt="liked"
          src="heart.svg"
        />
      </a>
    </div>
  </div>
</DocumentFragment>
`;
