// Jest Snapshot v1, https://goo.gl/fbAQLP

exports[`Modal test suite ComponentModal renders correctly 1`] = `<DocumentFragment />`;
